I'm sorry, but errors were detected in your script. Please correct the
errors listed below, and try again.


File "game/script.rpy", line 11: play requires a channel
    play "bgms/bgm kudo piano.mp3"
         ^

Ren'Py Version: Ren'Py 7.0.0.196
Sun Jun 17 11:41:59 2018
